------------------------------------------------------------
Timing Analyzer Summary
------------------------------------------------------------

Type  : Slow 1100mV 85C Model Setup 'clk'
Slack : -0.361
TNS   : -0.657

Type  : Slow 1100mV 85C Model Hold 'clk'
Slack : 0.544
TNS   : 0.000

Type  : Slow 1100mV 85C Model Minimum Pulse Width 'clk'
Slack : -0.724
TNS   : -2.215

Type  : Slow 1100mV 0C Model Setup 'clk'
Slack : -0.372
TNS   : -0.675

Type  : Slow 1100mV 0C Model Hold 'clk'
Slack : 0.594
TNS   : 0.000

Type  : Slow 1100mV 0C Model Minimum Pulse Width 'clk'
Slack : -0.724
TNS   : -2.245

Type  : Fast 1100mV 85C Model Setup 'clk'
Slack : 0.353
TNS   : 0.000

Type  : Fast 1100mV 85C Model Hold 'clk'
Slack : 0.181
TNS   : 0.000

Type  : Fast 1100mV 85C Model Minimum Pulse Width 'clk'
Slack : -0.084
TNS   : -0.167

Type  : Fast 1100mV 0C Model Setup 'clk'
Slack : 0.403
TNS   : 0.000

Type  : Fast 1100mV 0C Model Hold 'clk'
Slack : 0.172
TNS   : 0.000

Type  : Fast 1100mV 0C Model Minimum Pulse Width 'clk'
Slack : -0.083
TNS   : -0.166

------------------------------------------------------------
